2026-03-13 00:07:05 [main] INFO  - 📋 Получаем список всех категорий
2026-03-13 00:26:58 [main] INFO  - ? �������� ������ ���� ���������
2026-03-13 00:27:00 [main] INFO  - ? ��������� ���������: [���������� ������, ��������, ������� �������, ������ �������, ��������� �����, �����, ����������� ����, ����������� �������, ������ ������, ����� ���, ������, ���������]
2026-03-13 00:27:02 [main] INFO  - ����������� ����: �������� ������� �������� https://www.gosuslugi.ru/
2026-03-13 00:27:02 [main] INFO  - ����: [positive, smoke]
2026-03-13 00:27:02 [main] INFO  - ����� �����: PositiveAuthTests
2026-03-13 00:27:02 [main] INFO  - ��� ������: test1
2026-03-13 00:27:04 [main] INFO  - ? �������� ������ ��������� �� ����� �����
2026-03-13 00:27:06 [main] INFO  - ? ��������� ���������: [������, ���������, ���������, �������, ������]
2026-03-13 00:27:08 [main] INFO  - ? ����: �������� ���������� ����
2026-03-13 00:27:10 [main] INFO  - ? ��������� ���� ���������
2026-03-13 00:27:12 [main] INFO  - ? ����: ������ ���� ������ � ��������� �����
2026-03-13 00:27:15 [main] INFO  - ? ��������� ���� ���������
2026-03-13 00:27:15 [main] INFO  - ? �������� ������������ ���������� ����
2026-03-13 00:27:15 [main] INFO  - ? ������� ����� �������
2026-03-13 00:27:15 [main] INFO  - ? ��������� ���� ���������
2026-03-13 00:27:15 [main] INFO  - ? ������� ����� ������ '�������'
2026-03-13 00:27:15 [main] INFO  - ? ��������� ���� ���������
2026-03-13 00:27:17 [main] INFO  - ? ����: �������� ������ � ��������� ����
2026-03-13 00:27:19 [main] INFO  - ? ��������� ���� ���������
2026-03-13 00:27:19 [main] INFO  - ? �������� ��� ������ �� ���������� ����
2026-03-13 00:27:19 [main] INFO  - ������� ������: 6
2026-03-13 00:27:19 [main] INFO  - ������ 1: https://www.gosuslugi.ru/help/faq/login/2745 � ��������: ���������
2026-03-13 00:27:19 [main] INFO  - ������ 2: https://www.gosuslugi.ru/landing/esia-help � ��������: ���� ��� ����� ����� � ������� �� ��������?
2026-03-13 00:27:19 [main] INFO  - ������ 3: https://www.gosuslugi.ru/help/faq/popular/7 � ��������: ��������� � �������������� ������
2026-03-13 00:27:22 [main] INFO  - ? ������� ����� +79889207429: pass123 / {}
2026-03-13 00:27:24 [main] INFO  - ? ����� � ��������: "�������� ����� ��� ������"
2026-03-13 00:27:24 [main] INFO  - ? ������� ������������: ?
2026-03-13 00:27:24 [main] INFO  - ? ����� �� ������: ?
2026-03-13 00:27:24 [main] INFO  - ? ������� ������: �������� ����� ��� ������
2026-03-13 00:27:24 [main] INFO  - ??????????????????????????????????????????
2026-03-13 00:27:27 [main] INFO  - ? ������� ����� +79889207429: pass123 / {}
2026-03-13 00:27:29 [main] INFO  - ? ����� � ��������: "�������� ����� ��� ������"
2026-03-13 00:27:29 [main] INFO  - ? ������� ������������: ?
2026-03-13 00:27:29 [main] INFO  - ? ����� �� ������: ?
2026-03-13 00:27:29 [main] INFO  - ? ������� ������: �������� ����� ��� ������
2026-03-13 00:27:29 [main] INFO  - ??????????????????????????????????????????
2026-03-13 00:27:31 [main] INFO  - ? ������� ����� +79889207429: pass123 / {}
2026-03-13 00:27:40 [main] ERROR - ? ������ ��� ��������� ������: invalid session id: session deleted as the browser has closed the connection
from disconnected: unable to send message to renderer
  (Session info: chrome=146.0.7680.71)
Build info: version: '4.34.0', revision: '707dcb4246*'
System info: os.name: 'Windows 11', os.arch: 'amd64', os.version: '10.0', java.version: '17.0.18'
Driver info: org.openqa.selenium.chrome.ChromeDriver
Command: [1ba37a6df7fb8f9361b44b7dbab62a9f, findElement {using=css selector, value=.error-label.mb-4}]
Capabilities {acceptInsecureCerts: false, browserName: chrome, browserVersion: 146.0.7680.71, chrome: {chromedriverVersion: 146.0.7680.72 (cb10bb07c0a5..., userDataDir: C:\Users\admir\AppData\Loca...}, fedcm:accounts: true, goog:chromeOptions: {debuggerAddress: localhost:57952}, goog:processID: 18768, networkConnectionEnabled: false, pageLoadStrategy: normal, platformName: windows, proxy: Proxy(), se:cdp: ws://localhost:57952/devtoo..., se:cdpVersion: 146.0.7680.71, setWindowRect: true, strictFileInteractability: false, timeouts: {implicit: 0, pageLoad: 300000, script: 30000}, unhandledPromptBehavior: dismiss and notify, webauthn:extension:credBlob: true, webauthn:extension:largeBlob: true, webauthn:extension:minPinLength: true, webauthn:extension:prf: true, webauthn:virtualAuthenticators: true}
Session ID: 1ba37a6df7fb8f9361b44b7dbab62a9f
2026-03-13 00:27:40 [main] INFO  - ??????????????????????????????????????????
2026-03-13 00:27:40 [main] INFO  - ? �������� ���� �����
2026-03-13 00:27:41 [main] INFO  - No webdriver is bound to current thread: 1 - let's create a new webdriver
2026-03-13 00:27:41 [main] INFO  - Selenide 7.9.4 / Selenium 4.34.0 / chrome 146.0.7680.71 windows
2026-03-13 00:27:48 [main] WARN  - Failed to save page source to 1773350868522.0
org.openqa.selenium.NoSuchSessionException: invalid session id
Build info: version: '4.34.0', revision: '707dcb4246*'
System info: os.name: 'Windows 11', os.arch: 'amd64', os.version: '10.0', java.version: '17.0.18'
Driver info: org.openqa.selenium.chrome.ChromeDriver
Command: [8844e7fa82fe731768164fc1864eb638, getPageSource {}]
Capabilities {acceptInsecureCerts: true, browserName: chrome, browserVersion: 146.0.7680.71, chrome: {chromedriverVersion: 146.0.7680.72 (cb10bb07c0a5..., userDataDir: C:\Users\admir\AppData\Loca...}, fedcm:accounts: true, goog:chromeOptions: {debuggerAddress: localhost:50314}, goog:processID: 23620, networkConnectionEnabled: false, pageLoadStrategy: normal, platformName: windows, proxy: Proxy(), se:cdp: ws://localhost:50314/devtoo..., se:cdpVersion: 146.0.7680.71, setWindowRect: true, strictFileInteractability: false, timeouts: {implicit: 0, pageLoad: 300000, script: 30000}, unhandledPromptBehavior: accept, webauthn:extension:credBlob: true, webauthn:extension:largeBlob: true, webauthn:extension:minPinLength: true, webauthn:extension:prf: true, webauthn:virtualAuthenticators: true}
Session ID: 8844e7fa82fe731768164fc1864eb638
	at java.base/jdk.internal.reflect.NativeConstructorAccessorImpl.newInstance0(Native Method)
	at java.base/jdk.internal.reflect.NativeConstructorAccessorImpl.newInstance(NativeConstructorAccessorImpl.java:77)
	at java.base/jdk.internal.reflect.DelegatingConstructorAccessorImpl.newInstance(DelegatingConstructorAccessorImpl.java:45)
	at java.base/java.lang.reflect.Constructor.newInstanceWithCaller(Constructor.java:500)
	at java.base/java.lang.reflect.Constructor.newInstance(Constructor.java:481)
	at org.openqa.selenium.remote.ErrorCodec.decode(ErrorCodec.java:167)
	at org.openqa.selenium.remote.codec.w3c.W3CHttpResponseCodec.decode(W3CHttpResponseCodec.java:138)
	at org.openqa.selenium.remote.codec.w3c.W3CHttpResponseCodec.decode(W3CHttpResponseCodec.java:50)
	at org.openqa.selenium.remote.HttpCommandExecutor.execute(HttpCommandExecutor.java:215)
	at org.openqa.selenium.remote.service.DriverCommandExecutor.invokeExecute(DriverCommandExecutor.java:216)
	at org.openqa.selenium.remote.service.DriverCommandExecutor.execute(DriverCommandExecutor.java:174)
	at org.openqa.selenium.remote.RemoteWebDriver.execute(RemoteWebDriver.java:544)
	at org.openqa.selenium.remote.RemoteWebDriver.execute(RemoteWebDriver.java:617)
	at org.openqa.selenium.remote.RemoteWebDriver.execute(RemoteWebDriver.java:621)
	at org.openqa.selenium.remote.RemoteWebDriver.getPageSource(RemoteWebDriver.java:393)
	at com.codeborne.selenide.impl.WebPageSourceExtractor.extract(WebPageSourceExtractor.java:35)
	at com.codeborne.selenide.impl.WebPageSourceExtractor.extract(WebPageSourceExtractor.java:28)
	at com.codeborne.selenide.impl.ScreenShotLaboratory.savePageSourceToFile(ScreenShotLaboratory.java:281)
	at com.codeborne.selenide.impl.ScreenShotLaboratory.takeScreenShot(ScreenShotLaboratory.java:121)
	at com.codeborne.selenide.impl.ScreenShotLaboratory.lambda$takeScreenshot$14(ScreenShotLaboratory.java:373)
	at com.codeborne.selenide.impl.ScreenShotLaboratory.ifReportsFolderNotNull(ScreenShotLaboratory.java:451)
	at com.codeborne.selenide.impl.ScreenShotLaboratory.lambda$takeScreenshot$15(ScreenShotLaboratory.java:372)
	at com.codeborne.selenide.impl.ScreenShotLaboratory.ifWebDriverStarted(ScreenShotLaboratory.java:441)
	at com.codeborne.selenide.impl.ScreenShotLaboratory.takeScreenshot(ScreenShotLaboratory.java:371)
	at com.codeborne.selenide.ex.UIAssertionError.wrapThrowable(UIAssertionError.java:113)
	at com.codeborne.selenide.ex.UIAssertionError.wrap(UIAssertionError.java:95)
	at com.codeborne.selenide.impl.SelenideElementProxy.invoke(SelenideElementProxy.java:88)
	at jdk.proxy2/jdk.proxy2.$Proxy40.click(Unknown Source)
	at hh.HhResumePage.clickResumeButton(HhResumePage.java:18)
	at hh.HhTest.test(HhTest.java:17)
	at java.base/jdk.internal.reflect.NativeMethodAccessorImpl.invoke0(Native Method)
	at java.base/jdk.internal.reflect.NativeMethodAccessorImpl.invoke(NativeMethodAccessorImpl.java:77)
	at java.base/jdk.internal.reflect.DelegatingMethodAccessorImpl.invoke(DelegatingMethodAccessorImpl.java:43)
	at java.base/java.lang.reflect.Method.invoke(Method.java:569)
	at org.junit.platform.commons.util.ReflectionUtils.invokeMethod(ReflectionUtils.java:787)
	at org.junit.platform.commons.support.ReflectionSupport.invokeMethod(ReflectionSupport.java:478)
	at org.junit.jupiter.engine.execution.MethodInvocation.proceed(MethodInvocation.java:60)
	at org.junit.jupiter.engine.execution.InvocationInterceptorChain$ValidatingInvocation.proceed(InvocationInterceptorChain.java:131)
	at org.junit.jupiter.engine.extension.TimeoutExtension.intercept(TimeoutExtension.java:161)
	at org.junit.jupiter.engine.extension.TimeoutExtension.interceptTestableMethod(TimeoutExtension.java:152)
	at org.junit.jupiter.engine.extension.TimeoutExtension.interceptTestMethod(TimeoutExtension.java:91)
	at org.junit.jupiter.engine.execution.InterceptingExecutableInvoker$ReflectiveInterceptorCall.lambda$ofVoidMethod$0(InterceptingExecutableInvoker.java:112)
	at org.junit.jupiter.engine.execution.InterceptingExecutableInvoker.lambda$invoke$0(InterceptingExecutableInvoker.java:94)
	at org.junit.jupiter.engine.execution.InvocationInterceptorChain$InterceptedInvocation.proceed(InvocationInterceptorChain.java:106)
	at org.junit.jupiter.engine.execution.InvocationInterceptorChain.proceed(InvocationInterceptorChain.java:64)
	at org.junit.jupiter.engine.execution.InvocationInterceptorChain.chainAndInvoke(InvocationInterceptorChain.java:45)
	at org.junit.jupiter.engine.execution.InvocationInterceptorChain.invoke(InvocationInterceptorChain.java:37)
	at org.junit.jupiter.engine.execution.InterceptingExecutableInvoker.invoke(InterceptingExecutableInvoker.java:93)
	at org.junit.jupiter.engine.execution.InterceptingExecutableInvoker.invoke(InterceptingExecutableInvoker.java:87)
	at org.junit.jupiter.engine.descriptor.TestMethodTestDescriptor.lambda$invokeTestMethod$4(TestMethodTestDescriptor.java:221)
	at org.junit.platform.engine.support.hierarchical.ThrowableCollector.execute(ThrowableCollector.java:73)
	at org.junit.jupiter.engine.descriptor.TestMethodTestDescriptor.invokeTestMethod(TestMethodTestDescriptor.java:217)
	at org.junit.jupiter.engine.descriptor.TestMethodTestDescriptor.execute(TestMethodTestDescriptor.java:159)
	at org.junit.jupiter.engine.descriptor.TestMethodTestDescriptor.execute(TestMethodTestDescriptor.java:70)
	at org.junit.platform.engine.support.hierarchical.NodeTestTask.lambda$executeRecursively$6(NodeTestTask.java:157)
	at org.junit.platform.engine.support.hierarchical.ThrowableCollector.execute(ThrowableCollector.java:73)
	at org.junit.platform.engine.support.hierarchical.NodeTestTask.lambda$executeRecursively$8(NodeTestTask.java:147)
	at org.junit.platform.engine.support.hierarchical.Node.around(Node.java:137)
	at org.junit.platform.engine.support.hierarchical.NodeTestTask.lambda$executeRecursively$9(NodeTestTask.java:145)
	at org.junit.platform.engine.support.hierarchical.ThrowableCollector.execute(ThrowableCollector.java:73)
	at org.junit.platform.engine.support.hierarchical.NodeTestTask.executeRecursively(NodeTestTask.java:144)
	at org.junit.platform.engine.support.hierarchical.NodeTestTask.execute(NodeTestTask.java:101)
	at java.base/java.util.ArrayList.forEach(ArrayList.java:1511)
	at org.junit.platform.engine.support.hierarchical.SameThreadHierarchicalTestExecutorService.invokeAll(SameThreadHierarchicalTestExecutorService.java:41)
	at org.junit.platform.engine.support.hierarchical.NodeTestTask.lambda$executeRecursively$6(NodeTestTask.java:161)
	at org.junit.platform.engine.support.hierarchical.ThrowableCollector.execute(ThrowableCollector.java:73)
	at org.junit.platform.engine.support.hierarchical.NodeTestTask.lambda$executeRecursively$8(NodeTestTask.java:147)
	at org.junit.platform.engine.support.hierarchical.Node.around(Node.java:137)
	at org.junit.platform.engine.support.hierarchical.NodeTestTask.lambda$executeRecursively$9(NodeTestTask.java:145)
	at org.junit.platform.engine.support.hierarchical.ThrowableCollector.execute(ThrowableCollector.java:73)
	at org.junit.platform.engine.support.hierarchical.NodeTestTask.executeRecursively(NodeTestTask.java:144)
	at org.junit.platform.engine.support.hierarchical.NodeTestTask.execute(NodeTestTask.java:101)
	at java.base/java.util.ArrayList.forEach(ArrayList.java:1511)
	at org.junit.platform.engine.support.hierarchical.SameThreadHierarchicalTestExecutorService.invokeAll(SameThreadHierarchicalTestExecutorService.java:41)
	at org.junit.platform.engine.support.hierarchical.NodeTestTask.lambda$executeRecursively$6(NodeTestTask.java:161)
	at org.junit.platform.engine.support.hierarchical.ThrowableCollector.execute(ThrowableCollector.java:73)
	at org.junit.platform.engine.support.hierarchical.NodeTestTask.lambda$executeRecursively$8(NodeTestTask.java:147)
	at org.junit.platform.engine.support.hierarchical.Node.around(Node.java:137)
	at org.junit.platform.engine.support.hierarchical.NodeTestTask.lambda$executeRecursively$9(NodeTestTask.java:145)
	at org.junit.platform.engine.support.hierarchical.ThrowableCollector.execute(ThrowableCollector.java:73)
	at org.junit.platform.engine.support.hierarchical.NodeTestTask.executeRecursively(NodeTestTask.java:144)
	at org.junit.platform.engine.support.hierarchical.NodeTestTask.execute(NodeTestTask.java:101)
	at org.junit.platform.engine.support.hierarchical.SameThreadHierarchicalTestExecutorService.submit(SameThreadHierarchicalTestExecutorService.java:35)
	at org.junit.platform.engine.support.hierarchical.HierarchicalTestExecutor.execute(HierarchicalTestExecutor.java:57)
	at org.junit.platform.engine.support.hierarchical.HierarchicalTestEngine.execute(HierarchicalTestEngine.java:54)
	at org.junit.platform.launcher.core.EngineExecutionOrchestrator.executeEngine(EngineExecutionOrchestrator.java:230)
	at org.junit.platform.launcher.core.EngineExecutionOrchestrator.failOrExecuteEngine(EngineExecutionOrchestrator.java:204)
	at org.junit.platform.launcher.core.EngineExecutionOrchestrator.execute(EngineExecutionOrchestrator.java:172)
	at org.junit.platform.launcher.core.EngineExecutionOrchestrator.execute(EngineExecutionOrchestrator.java:101)
	at org.junit.platform.launcher.core.EngineExecutionOrchestrator.lambda$execute$0(EngineExecutionOrchestrator.java:64)
	at org.junit.platform.launcher.core.EngineExecutionOrchestrator.withInterceptedStreams(EngineExecutionOrchestrator.java:150)
	at org.junit.platform.launcher.core.EngineExecutionOrchestrator.execute(EngineExecutionOrchestrator.java:63)
	at org.junit.platform.launcher.core.DefaultLauncher.execute(DefaultLauncher.java:109)
	at org.junit.platform.launcher.core.DefaultLauncher.execute(DefaultLauncher.java:91)
	at org.junit.platform.launcher.core.DelegatingLauncher.execute(DelegatingLauncher.java:47)
	at org.junit.platform.launcher.core.InterceptingLauncher.lambda$execute$1(InterceptingLauncher.java:39)
	at org.junit.platform.launcher.core.ClasspathAlignmentCheckingLauncherInterceptor.intercept(ClasspathAlignmentCheckingLauncherInterceptor.java:25)
	at org.junit.platform.launcher.core.InterceptingLauncher.execute(InterceptingLauncher.java:38)
	at org.junit.platform.launcher.core.DelegatingLauncher.execute(DelegatingLauncher.java:47)
	at org.apache.maven.surefire.junitplatform.LazyLauncher.execute(LazyLauncher.java:56)
	at org.apache.maven.surefire.junitplatform.JUnitPlatformProvider.execute(JUnitPlatformProvider.java:184)
	at org.apache.maven.surefire.junitplatform.JUnitPlatformProvider.invokeAllTests(JUnitPlatformProvider.java:148)
	at org.apache.maven.surefire.junitplatform.JUnitPlatformProvider.invoke(JUnitPlatformProvider.java:122)
	at org.apache.maven.surefire.booter.ForkedBooter.runSuitesInProcess(ForkedBooter.java:385)
	at org.apache.maven.surefire.booter.ForkedBooter.execute(ForkedBooter.java:162)
	at org.apache.maven.surefire.booter.ForkedBooter.run(ForkedBooter.java:507)
	at org.apache.maven.surefire.booter.ForkedBooter.main(ForkedBooter.java:495)
2026-03-13 00:27:48 [main] ERROR - Failed to take screenshot to 1773350868522.0
org.openqa.selenium.NoSuchSessionException: invalid session id
Build info: version: '4.34.0', revision: '707dcb4246*'
System info: os.name: 'Windows 11', os.arch: 'amd64', os.version: '10.0', java.version: '17.0.18'
Driver info: org.openqa.selenium.chrome.ChromeDriver
Command: [8844e7fa82fe731768164fc1864eb638, screenshot {}]
Capabilities {acceptInsecureCerts: true, browserName: chrome, browserVersion: 146.0.7680.71, chrome: {chromedriverVersion: 146.0.7680.72 (cb10bb07c0a5..., userDataDir: C:\Users\admir\AppData\Loca...}, fedcm:accounts: true, goog:chromeOptions: {debuggerAddress: localhost:50314}, goog:processID: 23620, networkConnectionEnabled: false, pageLoadStrategy: normal, platformName: windows, proxy: Proxy(), se:cdp: ws://localhost:50314/devtoo..., se:cdpVersion: 146.0.7680.71, setWindowRect: true, strictFileInteractability: false, timeouts: {implicit: 0, pageLoad: 300000, script: 30000}, unhandledPromptBehavior: accept, webauthn:extension:credBlob: true, webauthn:extension:largeBlob: true, webauthn:extension:minPinLength: true, webauthn:extension:prf: true, webauthn:virtualAuthenticators: true}
Session ID: 8844e7fa82fe731768164fc1864eb638
	at java.base/jdk.internal.reflect.NativeConstructorAccessorImpl.newInstance0(Native Method)
	at java.base/jdk.internal.reflect.NativeConstructorAccessorImpl.newInstance(NativeConstructorAccessorImpl.java:77)
	at java.base/jdk.internal.reflect.DelegatingConstructorAccessorImpl.newInstance(DelegatingConstructorAccessorImpl.java:45)
	at java.base/java.lang.reflect.Constructor.newInstanceWithCaller(Constructor.java:500)
	at java.base/java.lang.reflect.Constructor.newInstance(Constructor.java:481)
	at org.openqa.selenium.remote.ErrorCodec.decode(ErrorCodec.java:167)
	at org.openqa.selenium.remote.codec.w3c.W3CHttpResponseCodec.decode(W3CHttpResponseCodec.java:138)
	at org.openqa.selenium.remote.codec.w3c.W3CHttpResponseCodec.decode(W3CHttpResponseCodec.java:50)
	at org.openqa.selenium.remote.HttpCommandExecutor.execute(HttpCommandExecutor.java:215)
	at org.openqa.selenium.remote.service.DriverCommandExecutor.invokeExecute(DriverCommandExecutor.java:216)
	at org.openqa.selenium.remote.service.DriverCommandExecutor.execute(DriverCommandExecutor.java:174)
	at org.openqa.selenium.remote.RemoteWebDriver.execute(RemoteWebDriver.java:544)
	at org.openqa.selenium.remote.RemoteWebDriver.execute(RemoteWebDriver.java:617)
	at org.openqa.selenium.remote.RemoteWebDriver.execute(RemoteWebDriver.java:621)
	at org.openqa.selenium.remote.RemoteWebDriver.getScreenshotAs(RemoteWebDriver.java:333)
	at com.codeborne.selenide.impl.WebdriverPhotographer.takeScreenshot(WebdriverPhotographer.java:13)
	at com.codeborne.selenide.impl.ScreenShotLaboratory.savePageImageToFile(ScreenShotLaboratory.java:255)
	at com.codeborne.selenide.impl.ScreenShotLaboratory.takeScreenShot(ScreenShotLaboratory.java:122)
	at com.codeborne.selenide.impl.ScreenShotLaboratory.lambda$takeScreenshot$14(ScreenShotLaboratory.java:373)
	at com.codeborne.selenide.impl.ScreenShotLaboratory.ifReportsFolderNotNull(ScreenShotLaboratory.java:451)
	at com.codeborne.selenide.impl.ScreenShotLaboratory.lambda$takeScreenshot$15(ScreenShotLaboratory.java:372)
	at com.codeborne.selenide.impl.ScreenShotLaboratory.ifWebDriverStarted(ScreenShotLaboratory.java:441)
	at com.codeborne.selenide.impl.ScreenShotLaboratory.takeScreenshot(ScreenShotLaboratory.java:371)
	at com.codeborne.selenide.ex.UIAssertionError.wrapThrowable(UIAssertionError.java:113)
	at com.codeborne.selenide.ex.UIAssertionError.wrap(UIAssertionError.java:95)
	at com.codeborne.selenide.impl.SelenideElementProxy.invoke(SelenideElementProxy.java:88)
	at jdk.proxy2/jdk.proxy2.$Proxy40.click(Unknown Source)
	at hh.HhResumePage.clickResumeButton(HhResumePage.java:18)
	at hh.HhTest.test(HhTest.java:17)
	at java.base/jdk.internal.reflect.NativeMethodAccessorImpl.invoke0(Native Method)
	at java.base/jdk.internal.reflect.NativeMethodAccessorImpl.invoke(NativeMethodAccessorImpl.java:77)
	at java.base/jdk.internal.reflect.DelegatingMethodAccessorImpl.invoke(DelegatingMethodAccessorImpl.java:43)
	at java.base/java.lang.reflect.Method.invoke(Method.java:569)
	at org.junit.platform.commons.util.ReflectionUtils.invokeMethod(ReflectionUtils.java:787)
	at org.junit.platform.commons.support.ReflectionSupport.invokeMethod(ReflectionSupport.java:478)
	at org.junit.jupiter.engine.execution.MethodInvocation.proceed(MethodInvocation.java:60)
	at org.junit.jupiter.engine.execution.InvocationInterceptorChain$ValidatingInvocation.proceed(InvocationInterceptorChain.java:131)
	at org.junit.jupiter.engine.extension.TimeoutExtension.intercept(TimeoutExtension.java:161)
	at org.junit.jupiter.engine.extension.TimeoutExtension.interceptTestableMethod(TimeoutExtension.java:152)
	at org.junit.jupiter.engine.extension.TimeoutExtension.interceptTestMethod(TimeoutExtension.java:91)
	at org.junit.jupiter.engine.execution.InterceptingExecutableInvoker$ReflectiveInterceptorCall.lambda$ofVoidMethod$0(InterceptingExecutableInvoker.java:112)
	at org.junit.jupiter.engine.execution.InterceptingExecutableInvoker.lambda$invoke$0(InterceptingExecutableInvoker.java:94)
	at org.junit.jupiter.engine.execution.InvocationInterceptorChain$InterceptedInvocation.proceed(InvocationInterceptorChain.java:106)
	at org.junit.jupiter.engine.execution.InvocationInterceptorChain.proceed(InvocationInterceptorChain.java:64)
	at org.junit.jupiter.engine.execution.InvocationInterceptorChain.chainAndInvoke(InvocationInterceptorChain.java:45)
	at org.junit.jupiter.engine.execution.InvocationInterceptorChain.invoke(InvocationInterceptorChain.java:37)
	at org.junit.jupiter.engine.execution.InterceptingExecutableInvoker.invoke(InterceptingExecutableInvoker.java:93)
	at org.junit.jupiter.engine.execution.InterceptingExecutableInvoker.invoke(InterceptingExecutableInvoker.java:87)
	at org.junit.jupiter.engine.descriptor.TestMethodTestDescriptor.lambda$invokeTestMethod$4(TestMethodTestDescriptor.java:221)
	at org.junit.platform.engine.support.hierarchical.ThrowableCollector.execute(ThrowableCollector.java:73)
	at org.junit.jupiter.engine.descriptor.TestMethodTestDescriptor.invokeTestMethod(TestMethodTestDescriptor.java:217)
	at org.junit.jupiter.engine.descriptor.TestMethodTestDescriptor.execute(TestMethodTestDescriptor.java:159)
	at org.junit.jupiter.engine.descriptor.TestMethodTestDescriptor.execute(TestMethodTestDescriptor.java:70)
	at org.junit.platform.engine.support.hierarchical.NodeTestTask.lambda$executeRecursively$6(NodeTestTask.java:157)
	at org.junit.platform.engine.support.hierarchical.ThrowableCollector.execute(ThrowableCollector.java:73)
	at org.junit.platform.engine.support.hierarchical.NodeTestTask.lambda$executeRecursively$8(NodeTestTask.java:147)
	at org.junit.platform.engine.support.hierarchical.Node.around(Node.java:137)
	at org.junit.platform.engine.support.hierarchical.NodeTestTask.lambda$executeRecursively$9(NodeTestTask.java:145)
	at org.junit.platform.engine.support.hierarchical.ThrowableCollector.execute(ThrowableCollector.java:73)
	at org.junit.platform.engine.support.hierarchical.NodeTestTask.executeRecursively(NodeTestTask.java:144)
	at org.junit.platform.engine.support.hierarchical.NodeTestTask.execute(NodeTestTask.java:101)
	at java.base/java.util.ArrayList.forEach(ArrayList.java:1511)
	at org.junit.platform.engine.support.hierarchical.SameThreadHierarchicalTestExecutorService.invokeAll(SameThreadHierarchicalTestExecutorService.java:41)
	at org.junit.platform.engine.support.hierarchical.NodeTestTask.lambda$executeRecursively$6(NodeTestTask.java:161)
	at org.junit.platform.engine.support.hierarchical.ThrowableCollector.execute(ThrowableCollector.java:73)
	at org.junit.platform.engine.support.hierarchical.NodeTestTask.lambda$executeRecursively$8(NodeTestTask.java:147)
	at org.junit.platform.engine.support.hierarchical.Node.around(Node.java:137)
	at org.junit.platform.engine.support.hierarchical.NodeTestTask.lambda$executeRecursively$9(NodeTestTask.java:145)
	at org.junit.platform.engine.support.hierarchical.ThrowableCollector.execute(ThrowableCollector.java:73)
	at org.junit.platform.engine.support.hierarchical.NodeTestTask.executeRecursively(NodeTestTask.java:144)
	at org.junit.platform.engine.support.hierarchical.NodeTestTask.execute(NodeTestTask.java:101)
	at java.base/java.util.ArrayList.forEach(ArrayList.java:1511)
	at org.junit.platform.engine.support.hierarchical.SameThreadHierarchicalTestExecutorService.invokeAll(SameThreadHierarchicalTestExecutorService.java:41)
	at org.junit.platform.engine.support.hierarchical.NodeTestTask.lambda$executeRecursively$6(NodeTestTask.java:161)
	at org.junit.platform.engine.support.hierarchical.ThrowableCollector.execute(ThrowableCollector.java:73)
	at org.junit.platform.engine.support.hierarchical.NodeTestTask.lambda$executeRecursively$8(NodeTestTask.java:147)
	at org.junit.platform.engine.support.hierarchical.Node.around(Node.java:137)
	at org.junit.platform.engine.support.hierarchical.NodeTestTask.lambda$executeRecursively$9(NodeTestTask.java:145)
	at org.junit.platform.engine.support.hierarchical.ThrowableCollector.execute(ThrowableCollector.java:73)
	at org.junit.platform.engine.support.hierarchical.NodeTestTask.executeRecursively(NodeTestTask.java:144)
	at org.junit.platform.engine.support.hierarchical.NodeTestTask.execute(NodeTestTask.java:101)
	at org.junit.platform.engine.support.hierarchical.SameThreadHierarchicalTestExecutorService.submit(SameThreadHierarchicalTestExecutorService.java:35)
	at org.junit.platform.engine.support.hierarchical.HierarchicalTestExecutor.execute(HierarchicalTestExecutor.java:57)
	at org.junit.platform.engine.support.hierarchical.HierarchicalTestEngine.execute(HierarchicalTestEngine.java:54)
	at org.junit.platform.launcher.core.EngineExecutionOrchestrator.executeEngine(EngineExecutionOrchestrator.java:230)
	at org.junit.platform.launcher.core.EngineExecutionOrchestrator.failOrExecuteEngine(EngineExecutionOrchestrator.java:204)
	at org.junit.platform.launcher.core.EngineExecutionOrchestrator.execute(EngineExecutionOrchestrator.java:172)
	at org.junit.platform.launcher.core.EngineExecutionOrchestrator.execute(EngineExecutionOrchestrator.java:101)
	at org.junit.platform.launcher.core.EngineExecutionOrchestrator.lambda$execute$0(EngineExecutionOrchestrator.java:64)
	at org.junit.platform.launcher.core.EngineExecutionOrchestrator.withInterceptedStreams(EngineExecutionOrchestrator.java:150)
	at org.junit.platform.launcher.core.EngineExecutionOrchestrator.execute(EngineExecutionOrchestrator.java:63)
	at org.junit.platform.launcher.core.DefaultLauncher.execute(DefaultLauncher.java:109)
	at org.junit.platform.launcher.core.DefaultLauncher.execute(DefaultLauncher.java:91)
	at org.junit.platform.launcher.core.DelegatingLauncher.execute(DelegatingLauncher.java:47)
	at org.junit.platform.launcher.core.InterceptingLauncher.lambda$execute$1(InterceptingLauncher.java:39)
	at org.junit.platform.launcher.core.ClasspathAlignmentCheckingLauncherInterceptor.intercept(ClasspathAlignmentCheckingLauncherInterceptor.java:25)
	at org.junit.platform.launcher.core.InterceptingLauncher.execute(InterceptingLauncher.java:38)
	at org.junit.platform.launcher.core.DelegatingLauncher.execute(DelegatingLauncher.java:47)
	at org.apache.maven.surefire.junitplatform.LazyLauncher.execute(LazyLauncher.java:56)
	at org.apache.maven.surefire.junitplatform.JUnitPlatformProvider.execute(JUnitPlatformProvider.java:184)
	at org.apache.maven.surefire.junitplatform.JUnitPlatformProvider.invokeAllTests(JUnitPlatformProvider.java:148)
	at org.apache.maven.surefire.junitplatform.JUnitPlatformProvider.invoke(JUnitPlatformProvider.java:122)
	at org.apache.maven.surefire.booter.ForkedBooter.runSuitesInProcess(ForkedBooter.java:385)
	at org.apache.maven.surefire.booter.ForkedBooter.execute(ForkedBooter.java:162)
	at org.apache.maven.surefire.booter.ForkedBooter.run(ForkedBooter.java:507)
	at org.apache.maven.surefire.booter.ForkedBooter.main(ForkedBooter.java:495)
2026-03-13 00:27:48 [main] INFO  - No webdriver is bound to current thread: 1 - let's create a new webdriver
2026-03-13 00:27:49 [main] INFO  - Selenide 7.9.4 / Selenium 4.34.0 / chrome 146.0.7680.71 windows
2026-03-13 00:27:50 [main] INFO  - No webdriver is bound to current thread: 1 - let's create a new webdriver
2026-03-13 00:27:51 [main] INFO  - Selenide 7.9.4 / Selenium 4.34.0 / chrome 146.0.7680.71 windows
2026-03-13 00:27:54 [main] INFO  - No webdriver is bound to current thread: 1 - let's create a new webdriver
2026-03-13 00:27:55 [main] INFO  - Selenide 7.9.4 / Selenium 4.34.0 / chrome 146.0.7680.71 windows
2026-03-13 00:27:58 [main] INFO  - No webdriver is bound to current thread: 1 - let's create a new webdriver
2026-03-13 00:27:58 [main] INFO  - Selenide 7.9.4 / Selenium 4.34.0 / chrome 146.0.7680.71 windows
2026-03-13 00:28:00 [main] INFO  - No webdriver is bound to current thread: 1 - let's create a new webdriver
2026-03-13 00:28:01 [main] INFO  - Selenide 7.9.4 / Selenium 4.34.0 / chrome 146.0.7680.71 windows
2026-03-13 00:36:26 [main] INFO  - ? �������� ������ ���� ���������
2026-03-13 00:36:27 [main] INFO  - ? ��������� ���������: [���������� ������, ��������, ������� �������, ������ �������, ��������� �����, �����, ����������� ����, ����������� �������, ������ ������, ����� ���, ������, ���������]
2026-03-13 00:36:29 [main] INFO  - ����������� ����: �������� ������� �������� https://www.gosuslugi.ru/
2026-03-13 00:36:29 [main] INFO  - ����: [positive, smoke]
2026-03-13 00:36:29 [main] INFO  - ����� �����: PositiveAuthTests
2026-03-13 00:36:29 [main] INFO  - ��� ������: test1
2026-03-13 00:36:31 [main] INFO  - ? �������� ������ ��������� �� ����� �����
2026-03-13 00:36:33 [main] INFO  - ? ��������� ���������: [������, ���������, ���������, �������, ������]
2026-03-13 00:36:35 [main] INFO  - ? ����: �������� ���������� ����
2026-03-13 00:36:37 [main] INFO  - ? ��������� ���� ���������
2026-03-13 00:36:39 [main] INFO  - ? ����: ������ ���� ������ � ��������� �����
2026-03-13 00:36:42 [main] INFO  - ? ��������� ���� ���������
2026-03-13 00:36:42 [main] INFO  - ? �������� ������������ ���������� ����
2026-03-13 00:36:42 [main] INFO  - ? ������� ����� �������
2026-03-13 00:36:42 [main] INFO  - ? ��������� ���� ���������
2026-03-13 00:36:42 [main] INFO  - ? ������� ����� ������ '�������'
2026-03-13 00:36:42 [main] INFO  - ? ��������� ���� ���������
2026-03-13 00:36:44 [main] INFO  - ? ����: �������� ������ � ��������� ����
2026-03-13 00:36:46 [main] INFO  - ? ��������� ���� ���������
2026-03-13 00:36:46 [main] INFO  - ? �������� ��� ������ �� ���������� ����
2026-03-13 00:36:46 [main] INFO  - ������� ������: 6
2026-03-13 00:36:46 [main] INFO  - ������ 1: https://www.gosuslugi.ru/help/faq/login/2745 � ��������: ���������
2026-03-13 00:36:46 [main] INFO  - ������ 2: https://www.gosuslugi.ru/landing/esia-help � ��������: ���� ��� ����� ����� � ������� �� ��������?
2026-03-13 00:36:46 [main] INFO  - ������ 3: https://www.gosuslugi.ru/help/faq/popular/7 � ��������: ��������� � �������������� ������
2026-03-13 00:36:48 [main] INFO  - ? ������� ����� +79889207429: pass123 / {}
2026-03-13 00:36:51 [main] INFO  - ? ����� � ��������: "�������� ����� ��� ������"
2026-03-13 00:36:51 [main] INFO  - ? ������� ������������: ?
2026-03-13 00:36:51 [main] INFO  - ? ����� �� ������: ?
2026-03-13 00:36:51 [main] INFO  - ? ������� ������: �������� ����� ��� ������
2026-03-13 00:36:51 [main] INFO  - ??????????????????????????????????????????
2026-03-13 00:36:53 [main] INFO  - ? ������� ����� +79889207429: pass123 / {}
2026-03-13 00:36:56 [main] INFO  - ? ����� � ��������: "�������� ����� ��� ������"
2026-03-13 00:36:56 [main] INFO  - ? ������� ������������: ?
2026-03-13 00:36:56 [main] INFO  - ? ����� �� ������: ?
2026-03-13 00:36:56 [main] INFO  - ? ������� ������: �������� ����� ��� ������
2026-03-13 00:36:56 [main] INFO  - ??????????????????????????????????????????
2026-03-13 00:36:58 [main] INFO  - ? ������� ����� +79889207429: pass123 / {}
2026-03-13 00:37:08 [main] ERROR - ? ������ ��� ��������� ������: invalid session id: session deleted as the browser has closed the connection
from disconnected: unable to send message to renderer
  (Session info: chrome=146.0.7680.71)
Build info: version: '4.34.0', revision: '707dcb4246*'
System info: os.name: 'Windows 11', os.arch: 'amd64', os.version: '10.0', java.version: '17.0.18'
Driver info: org.openqa.selenium.chrome.ChromeDriver
Command: [a5640473e9db6d786fbbf9fbb7e9f3d9, findElement {using=css selector, value=.error-label.mb-4}]
Capabilities {acceptInsecureCerts: false, browserName: chrome, browserVersion: 146.0.7680.71, chrome: {chromedriverVersion: 146.0.7680.72 (cb10bb07c0a5..., userDataDir: C:\Users\admir\AppData\Loca...}, fedcm:accounts: true, goog:chromeOptions: {debuggerAddress: localhost:63638}, goog:processID: 8392, networkConnectionEnabled: false, pageLoadStrategy: normal, platformName: windows, proxy: Proxy(), se:cdp: ws://localhost:63638/devtoo..., se:cdpVersion: 146.0.7680.71, setWindowRect: true, strictFileInteractability: false, timeouts: {implicit: 0, pageLoad: 300000, script: 30000}, unhandledPromptBehavior: dismiss and notify, webauthn:extension:credBlob: true, webauthn:extension:largeBlob: true, webauthn:extension:minPinLength: true, webauthn:extension:prf: true, webauthn:virtualAuthenticators: true}
Session ID: a5640473e9db6d786fbbf9fbb7e9f3d9
2026-03-13 00:37:08 [main] INFO  - ??????????????????????????????????????????
2026-03-13 00:37:08 [main] INFO  - ? �������� ���� �����
2026-03-13 02:44:31 [main] INFO  - Выполняется тест: Открытие главной страницы https://www.gosuslugi.ru/
2026-03-13 02:44:31 [main] INFO  - Теги: [positive, smoke]
2026-03-13 02:44:31 [main] INFO  - Класс теста: PositiveAuthTests
2026-03-13 02:44:31 [main] INFO  - Имя метода: test1
2026-03-13 02:44:42 [main] INFO  - 📋 Получаем список категорий из шапки сайта
2026-03-13 02:44:43 [main] INFO  - ✅ Найденные категории: [Услуги, Документы, Заявления, Платежи, Помощь]
2026-03-13 02:44:58 [main] INFO  - 📋 Получаем список всех категорий
2026-03-13 02:44:59 [main] INFO  - ✅ Найденные категории: [Популярные услуги, Здоровье, Справки Выписки, Пенсии Пособия, Транспорт Права, Семья, Образование Дети, Регистрация Паспорт, Штрафы Налоги, Земля Дом, Прочее, Ведомства]
2026-03-13 02:45:31 [main] INFO  - 🔑 Тест с корректными данными
2026-03-13 02:46:18 [main] INFO  - 🪟 Проверка модального окна
2026-03-13 02:46:20 [main] INFO  - Тест: Проверка модального окна авторизации
2026-03-13 02:46:20 [main] INFO  - Теги: [positive, smoke]
2026-03-13 02:46:43 [main] INFO  - 🔍 ТЕСТ с логином: 'user1'
2026-03-13 02:46:46 [main] INFO  - 📌 Текст с элемента: "Введите номер телефона, СНИЛС или электронную почту в формате example@elpochta.ru"
2026-03-13 02:46:46 [main] INFO  - 📌 Элемент отображается: ✅
2026-03-13 02:46:46 [main] INFO  - 📌 Текст не пустой: ✅
2026-03-13 02:46:46 [main] INFO  - ✅ Найдена ошибка: Введите номер телефона, СНИЛС или электронную почту в формате example@elpochta.ru
2026-03-13 02:46:46 [main] INFO  - ══════════════════════════════════════════
2026-03-13 02:46:46 [main] INFO  - Результат: Введите номер телефона, СНИЛС или электронную почту в формате example@elpochta.ru
2026-03-13 02:46:46 [main] INFO  - ──────────────────────────────────────────────────
2026-03-13 02:46:46 [main] INFO  - ✅ Тест пройден

2026-03-13 02:46:48 [main] INFO  - 🔍 ТЕСТ с логином: 'user2'
2026-03-13 02:46:51 [main] INFO  - 📌 Текст с элемента: "Введите номер телефона, СНИЛС или электронную почту в формате example@elpochta.ru"
2026-03-13 02:46:51 [main] INFO  - 📌 Элемент отображается: ✅
2026-03-13 02:46:51 [main] INFO  - 📌 Текст не пустой: ✅
2026-03-13 02:46:51 [main] INFO  - ✅ Найдена ошибка: Введите номер телефона, СНИЛС или электронную почту в формате example@elpochta.ru
2026-03-13 02:46:51 [main] INFO  - ══════════════════════════════════════════
2026-03-13 02:46:51 [main] INFO  - Результат: Введите номер телефона, СНИЛС или электронную почту в формате example@elpochta.ru
2026-03-13 02:46:51 [main] INFO  - ──────────────────────────────────────────────────
2026-03-13 02:46:51 [main] INFO  - ✅ Тест пройден

2026-03-13 02:46:53 [main] INFO  - 🔍 ТЕСТ с логином: ' '
2026-03-13 02:46:55 [main] INFO  - 📌 Текст с элемента: "Введите номер телефона, СНИЛС или электронную почту в формате example@elpochta.ru"
2026-03-13 02:46:55 [main] INFO  - 📌 Элемент отображается: ✅
2026-03-13 02:46:55 [main] INFO  - 📌 Текст не пустой: ✅
2026-03-13 02:46:55 [main] INFO  - ✅ Найдена ошибка: Введите номер телефона, СНИЛС или электронную почту в формате example@elpochta.ru
2026-03-13 02:46:55 [main] INFO  - ══════════════════════════════════════════
2026-03-13 02:46:55 [main] INFO  - Результат: Введите номер телефона, СНИЛС или электронную почту в формате example@elpochta.ru
2026-03-13 02:46:55 [main] INFO  - ──────────────────────────────────────────────────
2026-03-13 02:46:55 [main] INFO  - ✅ Тест пройден

2026-03-13 02:46:57 [main] INFO  - 🔍 ТЕСТ с логином: ''
2026-03-13 02:47:00 [main] INFO  - 📌 Текст с элемента: "Заполните поле"
2026-03-13 02:47:00 [main] INFO  - 📌 Элемент отображается: ✅
2026-03-13 02:47:00 [main] INFO  - 📌 Текст не пустой: ✅
2026-03-13 02:47:00 [main] INFO  - ✅ Найдена ошибка: Заполните поле
2026-03-13 02:47:00 [main] INFO  - ══════════════════════════════════════════
2026-03-13 02:47:00 [main] INFO  - Результат: Заполните поле
2026-03-13 02:47:00 [main] INFO  - ──────────────────────────────────────────────────
2026-03-13 02:47:00 [main] INFO  - ✅ Тест пройден

2026-03-13 02:47:02 [main] INFO  - 🔍 ТЕСТ с логином: 'very_long_username_that_should_not_exist_in_system_12345'
2026-03-13 02:47:05 [main] INFO  - 📌 Текст с элемента: "Введите номер телефона, СНИЛС или электронную почту в формате example@elpochta.ru"
2026-03-13 02:47:05 [main] INFO  - 📌 Элемент отображается: ✅
2026-03-13 02:47:05 [main] INFO  - 📌 Текст не пустой: ✅
2026-03-13 02:47:05 [main] INFO  - ✅ Найдена ошибка: Введите номер телефона, СНИЛС или электронную почту в формате example@elpochta.ru
2026-03-13 02:47:05 [main] INFO  - ══════════════════════════════════════════
2026-03-13 02:47:05 [main] INFO  - Результат: Введите номер телефона, СНИЛС или электронную почту в формате example@elpochta.ru
2026-03-13 02:47:05 [main] INFO  - ──────────────────────────────────────────────────
2026-03-13 02:47:05 [main] INFO  - ✅ Тест пройден

2026-03-13 02:47:07 [main] INFO  - 🔍 ТЕСТ с логином: 'user@name'
2026-03-13 02:47:09 [main] INFO  - 📌 Текст с элемента: "Неверный логин или пароль"
2026-03-13 02:47:09 [main] INFO  - 📌 Элемент отображается: ✅
2026-03-13 02:47:09 [main] INFO  - 📌 Текст не пустой: ✅
2026-03-13 02:47:09 [main] INFO  - ✅ Найдена ошибка: Неверный логин или пароль
2026-03-13 02:47:09 [main] INFO  - ══════════════════════════════════════════
2026-03-13 02:47:09 [main] INFO  - Результат: Неверный логин или пароль
2026-03-13 02:47:09 [main] INFO  - ──────────────────────────────────────────────────
2026-03-13 02:47:09 [main] INFO  - ✅ Тест пройден

2026-03-13 02:47:11 [main] INFO  - 🔍 ТЕСТ с логином: '1234567890'
2026-03-13 02:47:14 [main] INFO  - 📌 Текст с элемента: "Неверный логин или пароль"
2026-03-13 02:47:14 [main] INFO  - 📌 Элемент отображается: ✅
2026-03-13 02:47:14 [main] INFO  - 📌 Текст не пустой: ✅
2026-03-13 02:47:14 [main] INFO  - ✅ Найдена ошибка: Неверный логин или пароль
2026-03-13 02:47:14 [main] INFO  - ══════════════════════════════════════════
2026-03-13 02:47:14 [main] INFO  - Результат: Неверный логин или пароль
2026-03-13 02:47:14 [main] INFO  - ──────────────────────────────────────────────────
2026-03-13 02:47:14 [main] INFO  - ✅ Тест пройден

2026-03-13 02:47:16 [main] INFO  - 🔍 ТЕСТ с логином: '!@#$%^&*()'
2026-03-13 02:47:19 [main] INFO  - 📌 Текст с элемента: "Неверный логин или пароль"
2026-03-13 02:47:19 [main] INFO  - 📌 Элемент отображается: ✅
2026-03-13 02:47:19 [main] INFO  - 📌 Текст не пустой: ✅
2026-03-13 02:47:19 [main] INFO  - ✅ Найдена ошибка: Неверный логин или пароль
2026-03-13 02:47:19 [main] INFO  - ══════════════════════════════════════════
2026-03-13 02:47:19 [main] INFO  - Результат: Неверный логин или пароль
2026-03-13 02:47:19 [main] INFO  - ──────────────────────────────────────────────────
2026-03-13 02:47:19 [main] INFO  - ✅ Тест пройден

2026-03-13 02:48:54 [main] INFO  - 🔍 Тест с логином: 'user1' и паролем: 'pass123'
2026-03-13 02:48:54 [main] INFO  - Ожидаемая ошибка: Введите номер телефона
2026-03-13 02:48:57 [main] INFO  - 📌 Текст с элемента: "Введите номер телефона, СНИЛС или электронную почту в формате example@elpochta.ru"
2026-03-13 02:48:57 [main] INFO  - 📌 Элемент отображается: ✅
2026-03-13 02:48:57 [main] INFO  - 📌 Текст не пустой: ✅
2026-03-13 02:48:57 [main] INFO  - ✅ Найдена ошибка: Введите номер телефона, СНИЛС или электронную почту в формате example@elpochta.ru
2026-03-13 02:48:57 [main] INFO  - ══════════════════════════════════════════
2026-03-13 02:48:57 [main] INFO  - Результат: Введите номер телефона, СНИЛС или электронную почту в формате example@elpochta.ru
2026-03-13 02:48:57 [main] INFO  - ✅ Тест пройден

2026-03-13 02:48:59 [main] INFO  - 🔍 Тест с логином: 'admin' и паролем: '12345'
2026-03-13 02:48:59 [main] INFO  - Ожидаемая ошибка: Введите номер телефона
2026-03-13 02:49:01 [main] INFO  - 📌 Текст с элемента: "Введите номер телефона, СНИЛС или электронную почту в формате example@elpochta.ru"
2026-03-13 02:49:01 [main] INFO  - 📌 Элемент отображается: ✅
2026-03-13 02:49:01 [main] INFO  - 📌 Текст не пустой: ✅
2026-03-13 02:49:01 [main] INFO  - ✅ Найдена ошибка: Введите номер телефона, СНИЛС или электронную почту в формате example@elpochta.ru
2026-03-13 02:49:01 [main] INFO  - ══════════════════════════════════════════
2026-03-13 02:49:01 [main] INFO  - Результат: Введите номер телефона, СНИЛС или электронную почту в формате example@elpochta.ru
2026-03-13 02:49:01 [main] INFO  - ✅ Тест пройден

2026-03-13 02:49:04 [main] INFO  - 🔍 Тест с логином: 'test' и паролем: 'qwerty'
2026-03-13 02:49:04 [main] INFO  - Ожидаемая ошибка: Введите номер телефона
2026-03-13 02:49:06 [main] INFO  - 📌 Текст с элемента: "Введите номер телефона, СНИЛС или электронную почту в формате example@elpochta.ru"
2026-03-13 02:49:06 [main] INFO  - 📌 Элемент отображается: ✅
2026-03-13 02:49:06 [main] INFO  - 📌 Текст не пустой: ✅
2026-03-13 02:49:06 [main] INFO  - ✅ Найдена ошибка: Введите номер телефона, СНИЛС или электронную почту в формате example@elpochta.ru
2026-03-13 02:49:06 [main] INFO  - ══════════════════════════════════════════
2026-03-13 02:49:06 [main] INFO  - Результат: Введите номер телефона, СНИЛС или электронную почту в формате example@elpochta.ru
2026-03-13 02:49:06 [main] INFO  - ✅ Тест пройден

2026-03-13 02:49:30 [main] INFO  - 🔐 Попытка входа +79889207429: pass123 / {}
2026-03-13 02:49:32 [main] INFO  - 📌 Текст с элемента: "Неверный логин или пароль"
2026-03-13 02:49:32 [main] INFO  - 📌 Элемент отображается: ✅
2026-03-13 02:49:32 [main] INFO  - 📌 Текст не пустой: ✅
2026-03-13 02:49:32 [main] INFO  - ✅ Найдена ошибка: Неверный логин или пароль
2026-03-13 02:49:32 [main] INFO  - ══════════════════════════════════════════
2026-03-13 02:49:34 [main] INFO  - 🔐 Попытка входа +79889207429: pass123 / {}
2026-03-13 02:49:37 [main] INFO  - 📌 Текст с элемента: "Неверный логин или пароль"
2026-03-13 02:49:37 [main] INFO  - 📌 Элемент отображается: ✅
2026-03-13 02:49:37 [main] INFO  - 📌 Текст не пустой: ✅
2026-03-13 02:49:37 [main] INFO  - ✅ Найдена ошибка: Неверный логин или пароль
2026-03-13 02:49:37 [main] INFO  - ══════════════════════════════════════════
2026-03-13 02:49:39 [main] INFO  - 🔐 Попытка входа +79889207429: pass123 / {}
2026-03-13 02:50:02 [main] ERROR - ❌ Ошибка при получении текста: Expected condition failed: waiting for visibility of Proxy element for: DefaultElementLocator 'By.cssSelector: .error-label.mb-4' (tried for 6 second(s) with 500 milliseconds interval)
2026-03-13 02:50:02 [main] INFO  - ══════════════════════════════════════════
2026-03-13 02:50:02 [main] INFO  - 🔍 ПРОВЕРКА ОКНА КАПЧИ
2026-03-13 02:50:02 [main] INFO  - 📌 Окно 'Введите код с картинки' отображается: ✅ ДА
2026-03-13 02:50:02 [main] INFO  - ✅ Окно капчи отображается
2026-03-13 02:50:02 [main] INFO  - ══════════════════════════════════════════
2026-03-13 02:51:09 [main] INFO  - 🪟 Тест: открытие модального окна
2026-03-13 02:51:12 [main] INFO  - ✅ Модальное окно открылось
2026-03-13 02:51:27 [main] INFO  - 🔄 Тест: полный цикл работы с модальным окном
2026-03-13 02:51:29 [main] INFO  - ✅ Модальное окно открылось
2026-03-13 02:51:29 [main] INFO  - 🔄 Начинаем тестирование модального окна
2026-03-13 02:51:29 [main] INFO  - ✅ Закрыто через крестик
2026-03-13 02:51:29 [main] INFO  - ✅ Модальное окно открылось
2026-03-13 02:51:29 [main] INFO  - ✅ Закрыто через кнопку 'Закрыть'
2026-03-13 02:51:29 [main] INFO  - ✅ Модальное окно открылось
2026-03-13 02:51:48 [main] INFO  - 🔗 Тест: проверка ссылок в модальном окне
2026-03-13 02:51:50 [main] INFO  - ✅ Модальное окно открылось
2026-03-13 02:51:50 [main] INFO  - 🔗 Получаем все ссылки из модального окна
2026-03-13 02:51:50 [main] INFO  - Найдено ссылок: 6
2026-03-13 02:51:50 [main] INFO  - Ссылка 1: https://www.gosuslugi.ru/help/faq/login/2745 — название: Подробнее
2026-03-13 02:51:50 [main] INFO  - Ссылка 2: https://www.gosuslugi.ru/landing/esia-help — название: Куда ещё можно войти с паролем от Госуслуг?
2026-03-13 02:51:50 [main] INFO  - Ссылка 3: https://esia.gosuslugi.ru/recovery — название: с помощью телефона или электронной почты
2026-03-13 02:51:50 [main] INFO  - Ссылка 4: https://map.gosuslugi.ru/?layer=co&filter=rcr — название: лично в центре обслуживания
2026-03-13 02:51:50 [main] INFO  - Ссылка 5: https://www.gosuslugi.ru/help/faq/popular/7 — название: Подробнее о восстановлении пароля
2026-03-13 02:51:50 [main] INFO  - Ссылка 6: https://www.gosuslugi.ru/help/mobile — название: приложение «Госуслуги»
2026-03-13 12:41:37 [main] INFO  - 🪟 Проверка модального окна
2026-03-13 12:41:39 [main] INFO  - Тест: Проверка модального окна авторизации
2026-03-13 12:41:39 [main] INFO  - Теги: [positive, smoke]
2026-03-13 12:42:01 [main] INFO  - 🪟 Проверка модального окна
2026-03-13 12:42:02 [main] INFO  - Тест: Проверка модального окна авторизации
2026-03-13 12:42:02 [main] INFO  - Теги: [positive, smoke]
